# Ubuntu, CentOS에 Web Server 설치 (Nginx), git 설치, SSH (우분투 설치가 필요, CentOS 설치가 되어 있다.)

# Ubuntu Linux에 git 설치   
$ sudo apt update 		<- apt : 인터넷의 패키지(리눅스 OS에 설치되는프로그램) 레파지토리에서 설치 
$ sudo apt install git 
$ git --version

웹 브라우저 : Web Server에 정보를 요청하는 Client Program
  - 구글 크롬 : 개발자
  - 리눅스 파이어폭스 
  - 맥 사파리 
  - 윈도우 엣지 (HTML5), 인터넷 익스플로러(x) <- 
  - 오페라 

# Ubuntu Linux에 Nginx Web Server 설치 (TPC 80)
   1. $ sudo apt update
   2. $ sudo apt install nginx 	<- nginx 설치
   3. $ sudo systemctl status nginx 	<- nginx 서비스 상태 확인

   # 방화벽 오픈 (TCP 80) : ubuntu에서 
   4. $ sudo ufw allow 80/tcp	<- 우분투에서 방화벽 설정 (ufw : ubuntu firewall)
   5. $ sudo ufw status 		<- 방화벽 상태 확인   

   # 방화벽 오픈 (TCP 80) : CentOS에서 방화벽 설정
   4. $ sudo firewall-cmd --permanent --zone=public --add-port=80/tcp	<- TCP 80 포트 오픈 
   5. $ sudo firewall-cmd --reload		<- 오픈한 방화벽 설정이 적용되도록 reload 
   6. $ sudo firewall-cmd --list-ports		<- 현재 방화벽에서 열려있는 포트를 확인

# nginx web Server 설정 : nginx.conf  ( /etc/nginx/nginx.conf  )
   6. find / -name nginx.conf 	<- nginx.conf 파일의 위치를 검색 / 
   
# nginx web Server 활성화 된 설정 파일 ( /etc/nginx/sites-abailable/default )
   7. cat -n /etc/nginx/sites-abable/default | more
	- 바인딩 된 IP : 서버의 IP
	- 바인딩 된 Port : TCP 80
	- 홈 폴더 : /var/www/html 		<- root /var/www/html	: 개발된 소스 파일을 저장할 위치
	- 기본 문서 : index.html index.htm	<- index  index.html  index.htm   

로그온한 계정의 홈 폴더에 
Sample_web3  (local) --------------SFTP--------------> Ubuntu
web4 (git)    --------------git clone---------------> Ubuntu 

# 웹 서버의 홈 폴더에 복사해서 서비스 : /var/www/html 
 $ cp -r <복사할 원본 주소> <복사할 대상>
 $ cd /var/www/html 
 $ cp -r ~/SFTP/ web4 .

# Linux -> ReedHat Enterprise Linux (유료) : 기술 지원이 되는 리눅스 
# CentOS에서 git 설치 : 2021년 종료 -> Rocky Linux (CentOS) 
https://chhanz.github.io/linux/2022/02/04/dnf-error-centos-8/	<- 패키지 레파지토리 변경 

# CentOS 8의 레파지토리 (패키지가 저장된 공간) 
$ sudo sed -i 's/mirrorlist/#mirrorlist/g' /etc/yum.repos.d/CentOS-Linux-*
$ sudo sed -i 's|#baseurl=http://mirror.centos.org|baseurl=http://vault.centos.org|g' /etc/yum.repos.d/CentOS-Linux-*

$ dnf repolist	<- repository List 출력
$ cat /etc/yum.repos.d/CentOS-Linux-BaseOS.repo	<- Base Repository 주소 변경된 내용 확인 

$ sudo dnf install git 	<- git 설치 (종속된 (defendency) 프로그램을 찾아서 먼저 설치 후 해당 프로그램 설치)

# CentOS에서 nginx 설치
$ sudo dnf install nginx
  
# nginx 서비스 상태 확인 : systemctl 
$ sudo systemctl status nginx	: 서비스 상태 확인
$ sudo systemctl start nginx		: 서비스 시작 
$ sudo systemctl enable nginx 	: 부팅 시 nginx 서비스를 자동으로 시작 

# 방화벽 오픈 
   # 방화벽 오픈 (TCP 80) : CentOS에서 방화벽 설정
   4. $ sudo firewall-cmd --permanent --zone=public --add-port=80/tcp	<- TCP 80 포트 오픈 
   5. $ sudo firewall-cmd --reload		<- 오픈한 방화벽 설정이 적용되도록 reload 
   6. $ sudo firewall-cmd --list-ports		<- 현재 방화벽에서 열려있는 포트를 확인

# nginx 설정 정보 확인 : /etc/nginx/nginx.conf
$ cat -n /etc/nginx/nginx.conf | more
   바인딩 IP :   * 
   바인딩 Port : 80
   홈 폴더 :  /usr/share/nginx/html	<- 홈페이지 파일 저장 위치 
   기본 문서 : index.html
	
$ cd /usr/share/nginx
$ sudo chmod o+w html 
$ ls -la  

$ git clone "https://github.com/iruniohc/web.git"



$ sudo yum install git	<- yum : 인터넷의 레파지토리에서 프로그램 설치




# CentOs에서 nginx Web Server 설치 

